[    0.000000] Linux version 4.15.0-142-generic (buildd@lgw01-amd64-036) (gcc version 7.5.0 (Ubuntu 7.5.0-3ubuntu1~18.04)) #146-Ubuntu SMP Tue Apr 13 01:11:19 UTC 2021 (Ubuntu 4.15.0-142.146-generic 4.15.18)
[    0.000000] Command line: BOOT_IMAGE=/boot/vmlinuz-4.15.0-142-generic root=UUID=9b30f074-6007-4b7f-a791-a625da9de213 ro console=tty1 console=ttyS0
[    0.000000] KERNEL supported cpus:
[    0.000000]   Intel GenuineIntel
[    0.000000]   AMD AuthenticAMD
[    0.000000]   Centaur CentaurHauls
[    0.000000] x86/fpu: Supporting XSAVE feature 0x001: 'x87 floating point registers'
[    0.000000] x86/fpu: Supporting XSAVE feature 0x002: 'SSE registers'
[    0.000000] x86/fpu: Supporting XSAVE feature 0x004: 'AVX registers'
[    0.000000] x86/fpu: xstate_offset[2]:  576, xstate_sizes[2]:  256
[    0.000000] x86/fpu: Enabled xstate features 0x7, context size is 832 bytes, using 'standard' format.
[    0.000000] e820: BIOS-provided physical RAM map:
[    0.000000] BIOS-e820: [mem 0x0000000000000000-0x000000000009fbff] usable
[    0.000000] BIOS-e820: [mem 0x000000000009fc00-0x000000000009ffff] reserved
[    0.000000] BIOS-e820: [mem 0x00000000000f0000-0x00000000000fffff] reserved
[    0.000000] BIOS-e820: [mem 0x0000000000100000-0x000000003ffeffff] usable
[    0.000000] BIOS-e820: [mem 0x000000003fff0000-0x000000003fffffff] ACPI data
[    0.000000] BIOS-e820: [mem 0x00000000fec00000-0x00000000fec00fff] reserved
[    0.000000] BIOS-e820: [mem 0x00000000fee00000-0x00000000fee00fff] reserved
[    0.000000] BIOS-e820: [mem 0x00000000fffc0000-0x00000000ffffffff] reserved
[    0.000000] NX (Execute Disable) protection: active
[    0.000000] SMBIOS 2.5 present.
[    0.000000] DMI: innotek GmbH VirtualBox/VirtualBox, BIOS VirtualBox 12/01/2006
[    0.000000] Hypervisor detected: KVM
[    0.000000] e820: last_pfn = 0x3fff0 max_arch_pfn = 0x400000000
[    0.000000] MTRR: Disabled
[    0.000000] x86/PAT: MTRRs disabled, skipping PAT initialization too.
[    0.000000] CPU MTRRs all blank - virtualized system.
[    0.000000] x86/PAT: Configuration [0-7]: WB  WT  UC- UC  WB  WT  UC- UC  
[    0.000000] found SMP MP-table at [mem 0x0009fff0-0x0009ffff]
[    0.000000] Scanning 1 areas for low memory corruption
[    0.000000] RAMDISK: [mem 0x358bd000-0x36c55fff]
[    0.000000] ACPI: Early table checksum verification disabled
[    0.000000] ACPI: RSDP 0x00000000000E0000 000024 (v02 VBOX  )
[    0.000000] ACPI: XSDT 0x000000003FFF0030 00003C (v01 VBOX   VBOXXSDT 00000001 ASL  00000061)
[    0.000000] ACPI: FACP 0x000000003FFF00F0 0000F4 (v04 VBOX   VBOXFACP 00000001 ASL  00000061)
[    0.000000] ACPI: DSDT 0x000000003FFF0470 002325 (v02 VBOX   VBOXBIOS 00000002 INTL 20100528)
[    0.000000] ACPI: FACS 0x000000003FFF0200 000040
[    0.000000] ACPI: FACS 0x000000003FFF0200 000040
[    0.000000] ACPI: APIC 0x000000003FFF0240 00005C (v02 VBOX   VBOXAPIC 00000001 ASL  00000061)
[    0.000000] ACPI: SSDT 0x000000003FFF02A0 0001CC (v01 VBOX   VBOXCPUT 00000002 INTL 20100528)
[    0.000000] No NUMA configuration found
[    0.000000] Faking a node at [mem 0x0000000000000000-0x000000003ffeffff]
[    0.000000] NODE_DATA(0) allocated [mem 0x3ffc5000-0x3ffeffff]
[    0.000000] kvm-clock: cpu 0, msr 0:3ff44001, primary cpu clock
[    0.000000] kvm-clock: Using msrs 4b564d01 and 4b564d00
[    0.000000] kvm-clock: using sched offset of 3830514279 cycles
[    0.000000] clocksource: kvm-clock: mask: 0xffffffffffffffff max_cycles: 0x1cd42e4dffb, max_idle_ns: 881590591483 ns
[    0.000000] Zone ranges:
[    0.000000]   DMA      [mem 0x0000000000001000-0x0000000000ffffff]
[    0.000000]   DMA32    [mem 0x0000000001000000-0x000000003ffeffff]
[    0.000000]   Normal   empty
[    0.000000]   Device   empty
[    0.000000] Movable zone start for each node
[    0.000000] Early memory node ranges
[    0.000000]   node   0: [mem 0x0000000000001000-0x000000000009efff]
[    0.000000]   node   0: [mem 0x0000000000100000-0x000000003ffeffff]
[    0.000000] Reserved but unavailable: 98 pages
[    0.000000] Initmem setup node 0 [mem 0x0000000000001000-0x000000003ffeffff]
[    0.000000] ACPI: PM-Timer IO Port: 0x4008
[    0.000000] IOAPIC[0]: apic_id 2, version 32, address 0xfec00000, GSI 0-23
[    0.000000] ACPI: INT_SRC_OVR (bus 0 bus_irq 0 global_irq 2 dfl dfl)
[    0.000000] ACPI: INT_SRC_OVR (bus 0 bus_irq 9 global_irq 9 low level)
[    0.000000] Using ACPI (MADT) for SMP configuration information
[    0.000000] smpboot: Allowing 2 CPUs, 0 hotplug CPUs
[    0.000000] PM: Registered nosave memory: [mem 0x00000000-0x00000fff]
[    0.000000] PM: Registered nosave memory: [mem 0x0009f000-0x0009ffff]
[    0.000000] PM: Registered nosave memory: [mem 0x000a0000-0x000effff]
[    0.000000] PM: Registered nosave memory: [mem 0x000f0000-0x000fffff]
[    0.000000] e820: [mem 0x40000000-0xfebfffff] available for PCI devices
[    0.000000] Booting paravirtualized kernel on KVM
[    0.000000] clocksource: refined-jiffies: mask: 0xffffffff max_cycles: 0xffffffff, max_idle_ns: 7645519600211568 ns
[    0.000000] random: get_random_bytes called from start_kernel+0x99/0x500 with crng_init=0
[    0.000000] setup_percpu: NR_CPUS:8192 nr_cpumask_bits:2 nr_cpu_ids:2 nr_node_ids:1
[    0.000000] percpu: Embedded 45 pages/cpu s147456 r8192 d28672 u1048576
[    0.000000] PV qspinlock hash table entries: 256 (order: 0, 4096 bytes)
[    0.000000] Built 1 zonelists, mobility grouping on.  Total pages: 257913
[    0.000000] Policy zone: DMA32
[    0.000000] Kernel command line: BOOT_IMAGE=/boot/vmlinuz-4.15.0-142-generic root=UUID=9b30f074-6007-4b7f-a791-a625da9de213 ro console=tty1 console=ttyS0
[    0.000000] Memory: 982172K/1048120K available (12300K kernel code, 2483K rwdata, 4316K rodata, 2444K init, 2724K bss, 65948K reserved, 0K cma-reserved)
[    0.000000] SLUB: HWalign=64, Order=0-3, MinObjects=0, CPUs=2, Nodes=1
[    0.000000] ftrace: allocating 39434 entries in 155 pages
[    0.004000] Hierarchical RCU implementation.
[    0.004000] 	RCU restricting CPUs from NR_CPUS=8192 to nr_cpu_ids=2.
[    0.004000] 	Tasks RCU enabled.
[    0.004000] RCU: Adjusting geometry for rcu_fanout_leaf=16, nr_cpu_ids=2
[    0.004000] NR_IRQS: 524544, nr_irqs: 440, preallocated irqs: 16
[    0.004000] Console: colour VGA+ 80x25
[    0.004000] console [tty1] enabled
[    0.004000] console [ttyS0] enabled
[    0.004000] ACPI: Core revision 20170831
[    0.004000] ACPI: 2 ACPI AML tables successfully acquired and loaded
[    0.004000] APIC: Switch to symmetric I/O mode setup
[    0.004000] x2apic enabled
[    0.004000] Switched APIC routing to physical x2apic.
[    0.004000] ..TIMER: vector=0x30 apic1=0 pin1=2 apic2=-1 pin2=-1
[    0.004000] tsc: Detected 2903.998 MHz processor
[    0.004005] Calibrating delay loop (skipped) preset value.. 5807.99 BogoMIPS (lpj=11615992)
[    0.005069] pid_max: default: 32768 minimum: 301
[    0.005695] Security Framework initialized
[    0.006244] Yama: becoming mindful.
[    0.006736] AppArmor: AppArmor initialized
[    0.007380] Dentry cache hash table entries: 131072 (order: 8, 1048576 bytes)
[    0.008043] Inode-cache hash table entries: 65536 (order: 7, 524288 bytes)
[    0.008916] Mount-cache hash table entries: 2048 (order: 2, 16384 bytes)
[    0.009832] Mountpoint-cache hash table entries: 2048 (order: 2, 16384 bytes)
[    0.011356] Last level iTLB entries: 4KB 64, 2MB 8, 4MB 8
[    0.012002] Last level dTLB entries: 4KB 64, 2MB 0, 4MB 0, 1GB 4
[    0.012776] Spectre V1 : Mitigation: usercopy/swapgs barriers and __user pointer sanitization
[    0.014095] Spectre V2 : Mitigation: Full generic retpoline
[    0.014833] Spectre V2 : Spectre v2 / SpectreRSB mitigation: Filling RSB on context switch
[    0.016001] Speculative Store Bypass: Vulnerable
[    0.016804] Freeing SMP alternatives memory: 36K
[    0.127094] smpboot: CPU0: Intel(R) Core(TM) i5-10400F CPU @ 2.90GHz (family: 0x6, model: 0xa5, stepping: 0x5)
[    0.128000] Performance Events: unsupported p6 CPU model 165 no PMU driver, software events only.
[    0.128000] Hierarchical SRCU implementation.
[    0.128459] NMI watchdog: Perf event create on CPU 0 failed with -2
[    0.129277] NMI watchdog: Perf NMI watchdog permanently disabled
[    0.130092] smp: Bringing up secondary CPUs ...
[    0.130751] x86: Booting SMP configuration:
[    0.131322] .... node  #0, CPUs:      #1
[    0.004000] kvm-clock: cpu 1, msr 0:3ff44041, secondary cpu clock
[    0.134883] smp: Brought up 1 node, 2 CPUs
[    0.134883] smpboot: Max logical packages: 1
[    0.136005] smpboot: Total of 2 processors activated (11615.99 BogoMIPS)
[    0.137006] devtmpfs: initialized
[    0.137006] x86/mm: Memory block size: 128MB
[    0.137231] evm: security.selinux
[    0.137759] evm: security.SMACK64
[    0.138240] evm: security.SMACK64EXEC
[    0.140002] evm: security.SMACK64TRANSMUTE
[    0.140594] evm: security.SMACK64MMAP
[    0.141112] evm: security.apparmor
[    0.141628] evm: security.ima
[    0.142063] evm: security.capability
[    0.142608] clocksource: jiffies: mask: 0xffffffff max_cycles: 0xffffffff, max_idle_ns: 7645041785100000 ns
[    0.144006] futex hash table entries: 512 (order: 3, 32768 bytes)
[    0.156020] pinctrl core: initialized pinctrl subsystem
[    0.160100] RTC time: 13:11:22, date: 05/16/21
[    0.160864] NET: Registered protocol family 16
[    0.161534] audit: initializing netlink subsys (disabled)
[    0.164035] audit: type=2000 audit(1621170687.322:1): state=initialized audit_enabled=0 res=1
[    0.165131] cpuidle: using governor ladder
[    0.165131] cpuidle: using governor menu
[    0.165182] ACPI: bus type PCI registered
[    0.165807] acpiphp: ACPI Hot Plug PCI Controller Driver version: 0.5
[    0.168085] PCI: Using configuration type 1 for base access
[    0.168994] HugeTLB registered 2.00 MiB page size, pre-allocated 0 pages
[    0.172178] ACPI: Added _OSI(Module Device)
[    0.172779] ACPI: Added _OSI(Processor Device)
[    0.173399] ACPI: Added _OSI(3.0 _SCP Extensions)
[    0.174055] ACPI: Added _OSI(Processor Aggregator Device)
[    0.174793] ACPI: Added _OSI(Linux-Dell-Video)
[    0.175408] ACPI: Added _OSI(Linux-Lenovo-NV-HDMI-Audio)
[    0.176003] ACPI: Added _OSI(Linux-HPI-Hybrid-Graphics)
[    0.176969] ACPI: Executed 1 blocks of module-level executable AML code
[    0.180986] ACPI: Interpreter enabled
[    0.181512] ACPI: (supports S0 S5)
[    0.182038] ACPI: Using IOAPIC for interrupt routing
[    0.182941] PCI: Using host bridge windows from ACPI; if necessary, use "pci=nocrs" and report a bug
[    0.184128] ACPI: Enabled 2 GPEs in block 00 to 07
[    0.189777] ACPI: PCI Root Bridge [PCI0] (domain 0000 [bus 00-ff])
[    0.190726] acpi PNP0A03:00: _OSC: OS supports [ASPM ClockPM Segments MSI]
[    0.191941] acpi PNP0A03:00: _OSC: not requesting OS control; OS requires [ExtendedConfig ASPM ClockPM MSI]
[    0.192009] acpi PNP0A03:00: fail to add MMCONFIG information, can't access extended PCI configuration space under this bridge.
[    0.193728] PCI host bridge to bus 0000:00
[    0.194271] pci_bus 0000:00: root bus resource [io  0x0000-0x0cf7 window]
[    0.196002] pci_bus 0000:00: root bus resource [io  0x0d00-0xffff window]
[    0.196856] pci_bus 0000:00: root bus resource [mem 0x000a0000-0x000bffff window]
[    0.197821] pci_bus 0000:00: root bus resource [mem 0x40000000-0xfdffffff window]
[    0.198789] pci_bus 0000:00: root bus resource [bus 00-ff]
[    0.201124] pci 0000:00:01.1: legacy IDE quirk: reg 0x10: [io  0x01f0-0x01f7]
[    0.202012] pci 0000:00:01.1: legacy IDE quirk: reg 0x14: [io  0x03f6]
[    0.202833] pci 0000:00:01.1: legacy IDE quirk: reg 0x18: [io  0x0170-0x0177]
[    0.203749] pci 0000:00:01.1: legacy IDE quirk: reg 0x1c: [io  0x0376]
[    0.213237] pci 0000:00:07.0: quirk: [io  0x4000-0x403f] claimed by PIIX4 ACPI
[    0.214665] pci 0000:00:07.0: quirk: [io  0x4100-0x410f] claimed by PIIX4 SMB
[    0.218640] ACPI: PCI Interrupt Link [LNKA] (IRQs 5 9 10 *11)
[    0.219622] ACPI: PCI Interrupt Link [LNKB] (IRQs 5 9 *10 11)
[    0.220091] ACPI: PCI Interrupt Link [LNKC] (IRQs 5 *9 10 11)
[    0.220938] ACPI: PCI Interrupt Link [LNKD] (IRQs 5 9 10 *11)
[    0.221872] SCSI subsystem initialized
[    0.222407] pci 0000:00:02.0: vgaarb: setting as boot VGA device
[    0.222407] pci 0000:00:02.0: vgaarb: VGA device added: decodes=io+mem,owns=io+mem,locks=none
[    0.224010] pci 0000:00:02.0: vgaarb: bridge control possible
[    0.224748] vgaarb: loaded
[    0.225149] ACPI: bus type USB registered
[    0.225753] usbcore: registered new interface driver usbfs
[    0.226490] usbcore: registered new interface driver hub
[    0.228007] usbcore: registered new device driver usb
[    0.228714] EDAC MC: Ver: 3.0.0
[    0.228714] PCI: Using ACPI for IRQ routing
[    0.228788] NetLabel: Initializing
[    0.229268] NetLabel:  domain hash size = 128
[    0.229874] NetLabel:  protocols = UNLABELED CIPSOv4 CALIPSO
[    0.232017] NetLabel:  unlabeled traffic allowed by default
[    0.232778] clocksource: Switched to clocksource kvm-clock
[    0.315787] VFS: Disk quotas dquot_6.6.0
[    0.316361] VFS: Dquot-cache hash table entries: 512 (order 0, 4096 bytes)
[    0.317313] AppArmor: AppArmor Filesystem Enabled
[    0.317998] pnp: PnP ACPI init
[    0.319242] pnp: PnP ACPI: found 3 devices
[    0.327763] clocksource: acpi_pm: mask: 0xffffff max_cycles: 0xffffff, max_idle_ns: 2085701024 ns
[    0.329003] NET: Registered protocol family 2
[    0.329723] TCP established hash table entries: 8192 (order: 4, 65536 bytes)
[    0.330632] TCP bind hash table entries: 8192 (order: 5, 131072 bytes)
[    0.357389] TCP: Hash tables configured (established 8192 bind 8192)
[    0.358256] UDP hash table entries: 512 (order: 2, 16384 bytes)
[    0.359023] UDP-Lite hash table entries: 512 (order: 2, 16384 bytes)
[    0.359876] NET: Registered protocol family 1
[    0.360492] pci 0000:00:00.0: Limiting direct PCI/PCI transfers
[    0.361275] pci 0000:00:01.0: Activating ISA DMA hang workarounds
[    0.362097] pci 0000:00:02.0: Video device with shadowed ROM at [mem 0x000c0000-0x000dffff]
[    0.363245] Unpacking initramfs...
[    1.389395] Freeing initrd memory: 20068K
[    1.389998] clocksource: tsc: mask: 0xffffffffffffffff max_cycles: 0x29dc03c1beb, max_idle_ns: 440795205215 ns
[    1.391315] platform rtc_cmos: registered platform RTC device (no PNP device found)
[    1.392357] Scanning for low memory corruption every 60 seconds
[    1.393576] Initialise system trusted keyrings
[    1.394184] Key type blacklist registered
[    1.394812] workingset: timestamp_bits=36 max_order=18 bucket_order=0
[    1.429973] zbud: loaded
[    1.430725] squashfs: version 4.0 (2009/01/31) Phillip Lougher
[    1.431602] fuse init (API version 7.26)
[    1.433654] Key type asymmetric registered
[    1.434198] Asymmetric key parser 'x509' registered
[    1.434890] Block layer SCSI generic (bsg) driver version 0.4 loaded (major 246)
[    1.435932] io scheduler noop registered
[    1.436522] io scheduler deadline registered
[    1.437132] io scheduler cfq registered (default)
[    1.437997] ACPI: AC Adapter [AC] (on-line)
[    1.438626] input: Power Button as /devices/LNXSYSTM:00/LNXPWRBN:00/input/input0
[    1.439663] ACPI: Power Button [PWRF]
[    1.440265] input: Sleep Button as /devices/LNXSYSTM:00/LNXSLPBN:00/input/input1
[    1.441266] ACPI: Sleep Button [SLPF]
[    1.441995] Serial: 8250/16550 driver, 32 ports, IRQ sharing enabled
[    1.463404] 00:02: ttyS0 at I/O 0x3f8 (irq = 4, base_baud = 115200) is a 16550A
[    1.466274] Linux agpgart interface v0.103
[    1.467909] loop: module loaded
[    1.468782] scsi host0: ata_piix
[    1.469317] scsi host1: ata_piix
[    1.469815] ata1: PATA max UDMA/33 cmd 0x1f0 ctl 0x3f6 bmdma 0xd000 irq 14
[    1.470729] ata2: PATA max UDMA/33 cmd 0x170 ctl 0x376 bmdma 0xd008 irq 15
[    1.471841] libphy: Fixed MDIO Bus: probed
[    1.472450] tun: Universal TUN/TAP device driver, 1.6
[    1.473178] PPP generic driver version 2.4.2
[    1.473820] ehci_hcd: USB 2.0 'Enhanced' Host Controller (EHCI) Driver
[    1.474681] ehci-pci: EHCI PCI platform driver
[    1.475306] ehci-platform: EHCI generic platform driver
[    1.476080] ohci_hcd: USB 1.1 'Open' Host Controller (OHCI) Driver
[    1.476923] ohci-pci: OHCI PCI platform driver
[    1.477560] ohci-platform: OHCI generic platform driver
[    1.478285] uhci_hcd: USB Universal Host Controller Interface driver
[    1.479154] i8042: PNP: PS/2 Controller [PNP0303:PS2K,PNP0f03:PS2M] at 0x60,0x64 irq 1,12
[    1.480701] serio: i8042 KBD port at 0x60,0x64 irq 1
[    1.481409] serio: i8042 AUX port at 0x60,0x64 irq 12
[    1.482215] mousedev: PS/2 mouse device common for all mice
[    1.483436] input: AT Translated Set 2 keyboard as /devices/platform/i8042/serio0/input/input2
[    1.484627] rtc_cmos rtc_cmos: rtc core: registered rtc_cmos as rtc0
[    1.485644] rtc_cmos rtc_cmos: alarms up to one day, 114 bytes nvram
[    1.486496] i2c /dev entries driver
[    1.487041] device-mapper: uevent: version 1.0.3
[    1.487728] device-mapper: ioctl: 4.37.0-ioctl (2017-09-20) initialised: dm-devel@redhat.com
[    1.488934] ledtrig-cpu: registered to indicate activity on CPUs
[    1.490069] NET: Registered protocol family 10
[    1.492999] Segment Routing with IPv6
[    1.493552] NET: Registered protocol family 17
[    1.494201] Key type dns_resolver registered
[    1.494927] mce: Using 0 MCE banks
[    1.495423] RAS: Correctable Errors collector initialized.
[    1.496188] sched_clock: Marking stable (1496177590, 0)->(1656980436, -160802846)
[    1.497507] registered taskstats version 1
[    1.498080] Loading compiled-in X.509 certificates
[    1.500113] Loaded X.509 cert 'Build time autogenerated kernel key: 028139f94c642d40642d50ab098c4e7b0aebaa81'
[    1.501872] Loaded X.509 cert 'Canonical Ltd. Live Patch Signing: 14df34d1a87cf37625abec039ef2bf521249b969'
[    1.503573] Loaded X.509 cert 'Canonical Ltd. Kernel Module Signing: 88f752e560a1e0737e31163a466ad7b70a850c19'
[    1.505087] zswap: loaded using pool lzo/zbud
[    1.507738] Key type big_key registered
[    1.508306] Key type trusted registered
[    1.509793] Key type encrypted registered
[    1.510329] AppArmor: AppArmor sha1 policy hashing enabled
[    1.511036] ima: No TPM chip found, activating TPM-bypass! (rc=-19)
[    1.511838] ima: Allocated hash algorithm: sha1
[    1.512493] evm: HMAC attrs: 0x1
[    1.513109]   Magic number: 5:191:180
[    1.513689] rtc_cmos rtc_cmos: setting system clock to 2021-05-16 13:11:23 UTC (1621170683)
[    1.514883] BIOS EDD facility v0.16 2004-Jun-25, 0 devices found
[    1.515674] EDD information not available.
[    1.673547] Freeing unused kernel image memory: 2444K
[    1.984517] Write protecting the kernel read-only data: 20480k
[    1.985996] Freeing unused kernel image memory: 2008K
[    1.986854] Freeing unused kernel image memory: 1828K
[    1.994179] x86/mm: Checked W+X mappings: passed, no W+X pages found.
Loading, please wait...
starting version 237
[    2.067295] e1000: Intel(R) PRO/1000 Network Driver - version 7.3.21-k8-NAPI
[    2.068349] e1000: Copyright (c) 1999-2006 Intel Corporation.
[    2.072564] Fusion MPT base driver 3.04.20
[    2.073142] Copyright (c) 1999-2008 LSI Corporation
[    2.077338] Fusion MPT SPI Host driver 3.04.20
[    2.088562] AVX2 version of gcm_enc/dec engaged.
[    2.089225] AES CTR mode by8 optimization enabled
[    2.284194] input: ImExPS/2 Generic Explorer Mouse as /devices/platform/i8042/serio1/input/input4
[    2.428397] e1000 0000:00:03.0 eth0: (PCI:33MHz:32-bit) 02:54:31:68:18:3c
[    2.429277] e1000 0000:00:03.0 eth0: Intel(R) PRO/1000 Network Connection
[    2.430819] mptbase: ioc0: Initiating bringup
[    2.430951] e1000 0000:00:03.0 enp0s3: renamed from eth0
[    2.532652] ioc0: LSI53C1030 A0: Capabilities={Initiator}
[    2.773325] scsi host2: ioc0: LSI53C1030 A0, FwRev=00000000h, Ports=1, MaxQ=256, IRQ=20
[    2.945148] scsi 2:0:0:0: Direct-Access     VBOX     HARDDISK         1.0  PQ: 0 ANSI: 5
[    2.976303] scsi target2:0:0: Beginning Domain Validation
[    2.977869] scsi target2:0:0: Domain Validation skipping write tests
[    2.978732] scsi target2:0:0: Ending Domain Validation
[    2.979466] scsi target2:0:0: asynchronous
[    2.980428] scsi 2:0:1:0: Direct-Access     VBOX     HARDDISK         1.0  PQ: 0 ANSI: 5
[    3.012658] scsi target2:0:1: Beginning Domain Validation
[    3.014232] random: fast init done
[    3.014234] scsi target2:0:1: Domain Validation skipping write tests
[    3.015658] scsi target2:0:1: Ending Domain Validation
[    3.016452] scsi target2:0:1: asynchronous
[    3.019799] random: systemd-udevd: uninitialized urandom read (16 bytes read)
[    3.020813] sd 2:0:0:0: Attached scsi generic sg0 type 0
[    3.020905] random: systemd-udevd: uninitialized urandom read (16 bytes read)
[    3.022613] random: systemd-udevd: uninitialized urandom read (16 bytes read)
[    3.023595] sd 2:0:0:0: [sda] 83886080 512-byte logical blocks: (42.9 GB/40.0 GiB)
[    3.023611] sd 2:0:1:0: Attached scsi generic sg1 type 0
[    3.024680] sd 2:0:0:0: [sda] Write Protect is off
[    3.026125] sd 2:0:1:0: [sdb] 20480 512-byte logical blocks: (10.5 MB/10.0 MiB)
[    3.026159] sd 2:0:0:0: [sda] Incomplete mode parameter data
[    3.027888] sd 2:0:0:0: [sda] Assuming drive cache: write through
[    3.027903] sd 2:0:1:0: [sdb] Write Protect is off
[    3.029699] sd 2:0:1:0: [sdb] Incomplete mode parameter data
[    3.030465] sd 2:0:1:0: [sdb] Assuming drive cache: write through
[    3.031436]  sda: sda1
[    3.032408] sd 2:0:0:0: [sda] Attached SCSI disk
[    3.034361] sd 2:0:1:0: [sdb] Attached SCSI disk
Begin: Loading essential drivers ... [    4.408026] raid6: sse2x1   gen() 12798 MB/s
[    4.456138] raid6: sse2x1   xor()  7698 MB/s
[    4.504168] raid6: sse2x2   gen() 16363 MB/s
[    4.552473] raid6: sse2x2   xor() 10731 MB/s
[    4.600330] raid6: sse2x4   gen() 17769 MB/s
[    4.648128] raid6: sse2x4   xor()  9871 MB/s
[    4.696015] raid6: avx2x1   gen() 26988 MB/s
[    4.744754] raid6: avx2x1   xor() 15953 MB/s
[    4.792338] raid6: avx2x2   gen() 29874 MB/s
[    4.840409] raid6: avx2x2   xor() 19488 MB/s
[    4.888244] raid6: avx2x4   gen() 33954 MB/s
[    4.936041] raid6: avx2x4   xor() 20322 MB/s
[    4.936779] raid6: using algorithm avx2x4 gen() 33954 MB/s
[    4.937587] raid6: .... xor() 20322 MB/s, rmw enabled
[    4.938425] raid6: using avx2x2 recovery algorithm
[    4.940469] xor: automatically using best checksumming function   avx       
[    4.942333] async_tx: api initialized (async)
done.
Begin: Running /scripts/init-premount ... done.
Begin: Mounting root file system ... Begin: Running /scripts/local-top ... done.
Begin: Running /scripts/local-premount ... [    4.976944] Btrfs loaded, crc32c=crc32c-intel
Scanning for Btrfs filesystems
done.
Warning: fsck not present, so skipping root file system
[    4.999449] EXT4-fs (sda1): INFO: recovery required on readonly filesystem
[    5.000479] EXT4-fs (sda1): write access will be enabled during recovery
[    5.027930] EXT4-fs (sda1): recovery complete
[    5.028733] EXT4-fs (sda1): mounted filesystem with ordered data mode. Opts: (null)
done.
Begin: Running /scripts/local-bottom ... done.
Begin: Running /scripts/init-bottom ... done.
[    5.174047] ip_tables: (C) 2000-2006 Netfilter Core Team
[    5.182517] systemd[1]: systemd 237 running in system mode. (+PAM +AUDIT +SELINUX +IMA +APPARMOR +SMACK +SYSVINIT +UTMP +LIBCRYPTSETUP +GCRYPT +GNUTLS +ACL +XZ +LZ4 +SECCOMP +BLKID +ELFUTILS +KMOD -IDN2 +IDN -PCRE2 default-hierarchy=hybrid)
[    5.185404] systemd[1]: Detected virtualization oracle.
[    5.186175] systemd[1]: Detected architecture x86-64.

Welcome to [1mUbuntu 18.04.5 LTS[0m!

[    5.190912] systemd[1]: Set hostname to <ubuntu-bionic>.
[    5.415705] systemd[1]: Reached target System Time Synchronized.
[[0;32m  OK  [0m] Reached target System Time Synchronized.
[    5.418237] systemd[1]: Created slice System Slice.
[[0;32m  OK  [0m] Created slice System Slice.
[    5.419495] systemd[1]: Listening on Journal Socket (/dev/log).
[[0;32m  OK  [0m] Listening on Journal Socket (/dev/log).
[    5.421030] systemd[1]: Reached target Swap.
[[0;32m  OK  [0m] Reached target Swap.
[    5.422144] systemd[1]: Listening on Device-mapper event daemon FIFOs.
[[0;32m  OK  [0m] Listening on Device-mapper event daemon FIFOs.
[    5.423888] systemd[1]: Created slice User and Session Slice.
[[0;32m  OK  [0m] Created slice User and Session Slice.
[[0;32m  OK  [0m] Reached target Slices.
[[0;32m  OK  [0m] Started Forward Password Requests to Wall Directory Watch.
[[0;32m  OK  [0m] Listening on Journal Audit Socket.
[[0;32m  OK  [0m] Listening on Syslog Socket.
[[0;32m  OK  [0m] Listening on LVM2 metadata daemon socket.
[[0;32m  OK  [0m] Listening on LVM2 poll daemon socket.
[[0;32m  OK  [0m] Created slice system-serial\x2dgetty.slice.
[[0;32m  OK  [0m] Reached target User and Group Name Lookups.
[[0;32m  OK  [0m] Listening on udev Control Socket.
[[0;32m  OK  [0m] Listening on Journal Socket.
         Mounting Huge Pages File System...
         Starting Load Kernel Modules...
         Starting Remount Root and Kernel File Systems...
         Starting Create list of required stâ€¦ce nodes for the current kernel...
         Starting Journal Service...
         Starting Set the console keyboard layout...
[[0;32m  OK  [0m] Set up automount Arbitrary Executabâ€¦rmats File System Automount Point.
[[0;32m  OK  [0m] Listening on udev Kernel Socket.
         Starting udev Coldplug all Devices...
         Mounting POSIX Message Queue File System...
[[0;32m  OK  [0m] Listening on /dev/initctl Compatibility Named Pipe.
         Mounting Kernel Debug File System...
[[0;32m  OK  [0m] Listening on Network Service Netlink Socket.
         Starting Monitoring of LVM2 mirrorsâ€¦ng dmeventd or progress polling...
         Starting Uncomplicated firewall...
[[0;32m  OK  [0m] Mounted Huge Pages File System.
[[0;32m  OK  [0m] Started Create list of required staâ€¦vice nodes for the current kernel.
[[0;32m  OK  [0m] Mounted POSIX Message Queue File System.
[[0;32m  OK  [0m] Mounted Kernel Debug File System.
         Starting Create Static Device Nodes in /dev...
[    5.546483] Loading iSCSI transport class v2.0-870.
[    5.551832] iscsi: registered transport (tcp)
[[0;32m  OK  [0m] Started udev Coldplug all Devices.
[    5.606181] EXT4-fs (sda1): re-mounted. Opts: (null)
[[0;32m  OK  [0m] Started Journal Service.
[[0;32m  OK  [0m] Started Remount Root and Kernel File Systems.
[[0;32m  OK  [0m] Started Uncomplicated firewall.
         Starting Load/Save Random Seed...
[    5.679088] iscsi: registered transport (iser)
         Starting Flush Journal to Persistent Storage...
[[0;32m  OK  [0m] Started Load Kernel Modules.
[[0;32m  OK  [0m] Started Create Static Device Nodes in /dev.
         Starting udev Kernel Device Manager...
         Mounting Kernel Configuration File System...
         Starting Apply Kernel Variables...
         Mounting FUSE Control File System...
[[0;32m  OK  [0m] Mounted Kernel Configuration File System.
[[0;32m  OK  [0m] Mounted FUSE Control File System.
[[0;32m  OK  [0m] Started Load/Save Random Seed.
[    5.740334] systemd-journald[424]: Received request to flush runtime journal from PID 1
[[0;32m  OK  [0m] Started udev Kernel Device Manager.
[[0;32m  OK  [0m] Started Set the console keyboard layout.
[[0;32m  OK  [0m] Started Dispatch Password Requests to Console Directory Watch.
[[0;32m  OK  [0m] Reached target Local Encrypted Volumes.
[[0;32m  OK  [0m] Started Apply Kernel Variables.
[[0;32m  OK  [0m] Started LVM2 metadata daemon.
[[0;32m  OK  [0m] Started Monitoring of LVM2 mirrors,â€¦sing dmeventd or progress polling.
[[0;32m  OK  [0m] Reached target Local File Systems (Pre).
         Mounting /vagrant...
[[0;32m  OK  [0m] Reached target Local File Systems.
         Starting Tell Plymouth To Write Out Runtime Data...
         Starting AppArmor initialization...
         Starting Set console font and keymap...
         Starting ebtables ruleset management...
[[0;32m  OK  [0m] Started Set console font and keymap.
[[0;32m  OK  [0m] Started Tell Plymouth To Write Out Runtime Data.
[[0;32m  OK  [0m] Mounted /vagrant.
[[0;32m  OK  [0m] Started Flush Journal to Persistent Storage.
         Starting Create Volatile Files and Directories...
[[0;32m  OK  [0m] Started Create Volatile Files and Directories.
         Starting Update UTMP about System Boot/Shutdown...
[[0;32m  OK  [0m] Started Update UTMP about System Boot/Shutdown.
[[0;32m  OK  [0m] Found device /dev/ttyS0.
[[0;32m  OK  [0m] Started ebtables ruleset management.
[[0;32m  OK  [0m] Listening on Load/Save RF Kill Switch Status /dev/rfkill Watch.
[[0;32m  OK  [0m] Started AppArmor initialization.
         Starting Initial cloud-init job (pre-networking)...
         Starting Load AppArmor profiles managed internally by snapd...
[[0;32m  OK  [0m] Started Load AppArmor profiles managed internally by snapd.
[    8.204444] cloud-init[578]: Cloud-init v. 20.4.1-0ubuntu1~18.04.1 running 'init-local' at Sun, 16 May 2021 13:11:30 +0000. Up 8.03 seconds.
[[0;32m  OK  [0m] Started Initial cloud-init job (pre-networking).
[[0;32m  OK  [0m] Reached target Network (Pre).
         Starting Network Service...
[[0;32m  OK  [0m] Started Network Service.
         Starting Network Name Resolution...
         Starting Wait for Network to be Configured...
[[0;32m  OK  [0m] Started Network Name Resolution.
[[0;32m  OK  [0m] Reached target Host and Network Name Lookups.
[[0;32m  OK  [0m] Reached target Network.
[[0;32m  OK  [0m] Started Wait for Network to be Configured.
         Starting Initial cloud-init job (metadata service crawler)...
[   10.663499] cloud-init[686]: Cloud-init v. 20.4.1-0ubuntu1~18.04.1 running 'init' at Sun, 16 May 2021 13:11:32 +0000. Up 10.57 seconds.
[   10.664738] cloud-init[686]: ci-info: ++++++++++++++++++++++++++++++++++++++Net device info++++++++++++++++++++++++++++++++++++++
[   10.665892] cloud-init[686]: ci-info: +--------+------+----------------------------+---------------+--------+-------------------+
[   10.667019] cloud-init[686]: ci-info: | Device |  Up  |          Address           |      Mask     | Scope  |     Hw-Address    |
[   10.680225] cloud-init[686]: ci-info: +--------+------+----------------------------+---------------+--------+-------------------+
[   10.681329] cloud-init[686]: ci-info: | enp0s3 | True |         10.0.2.15          | 255.255.255.0 | global | 02:54:31:68:18:3c |
[   10.682389] cloud-init[686]: ci-info: | enp0s3 | True | fe80::54:31ff:fe68:183c/64 |       .       |  link  | 02:54:31:68:18:3c |
[   10.683457] cloud-init[686]: ci-info: |   lo   | True |         127.0.0.1          |   255.0.0.0   |  host  |         .         |
[   10.684600] cloud-init[686]: ci-info: |   lo   | True |          ::1/128           |       .       |  host  |         .         |
[   10.685682] cloud-init[686]: ci-info: +--------+------+----------------------------+---------------+--------+-------------------+
[   10.686785] cloud-init[686]: ci-info: ++++++++++++++++++++++++++++Route IPv4 info+++++++++++++++++++++++++++++
[   10.687750] cloud-init[686]: ci-info: +-------+-------------+----------+-----------------+-----------+-------+
[   10.688761] cloud-init[686]: ci-info: | Route | Destination | Gateway  |     Genmask     | Interface | Flags |
[   10.689716] cloud-init[686]: ci-info: +-------+-------------+----------+-----------------+-----------+-------+
[   10.690643] cloud-init[686]: ci-info: |   0   |   0.0.0.0   | 10.0.2.2 |     0.0.0.0     |   enp0s3  |   UG  |
[   10.691560] cloud-init[686]: ci-info: |   1   |   10.0.2.0  | 0.0.0.0  |  255.255.255.0  |   enp0s3  |   U   |
[   10.692499] cloud-init[686]: ci-info: |   2   |   10.0.2.2  | 0.0.0.0  | 255.255.255.255 |   enp0s3  |   UH  |
[   10.693464] cloud-init[686]: ci-info: +-------+-------------+----------+-----------------+-----------+-------+
[   10.694406] cloud-init[686]: ci-info: +++++++++++++++++++Route IPv6 info+++++++++++++++++++
[   10.695204] cloud-init[686]: ci-info: +-------+-------------+---------+-----------+-------+
[   10.696023] cloud-init[686]: ci-info: | Route | Destination | Gateway | Interface | Flags |
[   10.696821] cloud-init[686]: ci-info: +-------+-------------+---------+-----------+-------+
[   10.697598] cloud-init[686]: ci-info: |   1   |  fe80::/64  |    ::   |   enp0s3  |   U   |
[   10.698405] cloud-init[686]: ci-info: |   3   |    local    |    ::   |   enp0s3  |   U   |
[   10.699168] cloud-init[686]: ci-info: |   4   |   ff00::/8  |    ::   |   enp0s3  |   U   |
[   10.699941] cloud-init[686]: ci-info: +-------+-------------+---------+-----------+-------+
[[0;32m  OK  [0m] Started Initial cloud-init job (metadata service crawler).
[[0;32m  OK  [0m] Reached target Cloud-config availability.
[[0;32m  OK  [0m] Reached target Network is Online.
         Starting Availability of block devices...
[[0;32m  OK  [0m] Reached target Remote File Systems (Pre).
[[0;32m  OK  [0m] Reached target Remote File Systems.
[[0;32m  OK  [0m] Reached target System Initialization.
[[0;32m  OK  [0m] Started Discard unused blocks once a week.
         Starting LXD - unix socket.
         Starting Socket activation for snappy daemon.
[[0;32m  OK  [0m] Started Message of the Day.
[[0;32m  OK  [0m] Started Daily apt upgrade and clean activities.
[[0;32m  OK  [0m] Listening on UUID daemon activation socket.
[[0;32m  OK  [0m] Listening on D-Bus System Message Bus Socket.
[[0;32m  OK  [0m] Started ACPI Events Check.
[[0;32m  OK  [0m] Listening on ACPID Listen Socket.
[[0;32m  OK  [0m] Listening on Open-iSCSI iscsid Socket.
[[0;32m  OK  [0m] Started Daily Cleanup of Temporary Directories.
[[0;32m  OK  [0m] Reached target Timers.
[[0;32m  OK  [0m] Reached target Paths.
[[0;32m  OK  [0m] Listening on LXD - unix socket.
[[0;32m  OK  [0m] Listening on Socket activation for snappy daemon.
[[0;32m  OK  [0m] Reached target Sockets.
[[0;32m  OK  [0m] Reached target Basic System.
         Starting System Logging Service...
[[0;32m  OK  [0m] Started D-Bus System Message Bus.
         Starting Dispatcher daemon for systemd-networkd...
         Starting Message of the Day...
[[0;32m  OK  [0m] Started Regular background program processing daemon.
         Starting LXD - container startup/shutdown...
         Starting LSB: automatic crash report generation...
[[0;32m  OK  [0m] Started irqbalance daemon.
         Starting Accounts Service...
         Starting Discard unused blocks...
         Starting Virtualbox guest utils...
         Starting Login Service...
         Starting LSB: Record successful boot for GRUB...
         Starting OpenBSD Secure Shell server...
[[0;32m  OK  [0m] Started Deferred execution scheduler.
[[0;32m  OK  [0m] Started FUSE filesystem for LXC.
         Starting Snap Daemon...
         Starting Daily apt upgrade and clean activities...
         Starting Permit User Sessions...
[[0;32m  OK  [0m] Started System Logging Service.
[[0;32m  OK  [0m] Started Availability of block devices.
[[0;32m  OK  [0m] Started Permit User Sessions.
         Starting Terminate Plymouth Boot Screen...
         Starting Hold until boot process finishes up...
[[0;32m  OK  [0m] Started Hold until boot process finishes up.
         Starting Set console scheme...
[[0;32m  OK  [0m] Started Serial Getty on ttyS0.
[[0;32m  OK  [0m] Started Terminate Plymouth Boot Screen.
[[0;32m  OK  [0m] Started Discard unused blocks.
[[0;32m  OK  [0m] Started Login Service.
[[0;32m  OK  [0m] Started Unattended Upgrades Shutdown.
[[0;32m  OK  [0m] Started Set console scheme.
[[0;32m  OK  [0m] Created slice system-getty.slice.
[[0;32m  OK  [0m] Started Getty on tty1.
[[0;32m  OK  [0m] Reached target Login Prompts.
[[0;32m  OK  [0m] Started LSB: automatic crash report generation.
[[0;32m  OK  [0m] Started LXD - container startup/shutdown.
[[0;32m  OK  [0m] Started LSB: Record successful boot for GRUB.
         Starting Authorization Manager...
[[0;32m  OK  [0m] Started OpenBSD Secure Shell server.
[[0;32m  OK  [0m] Started Authorization Manager.
[[0;32m  OK  [0m] Started Accounts Service.
[[0;32m  OK  [0m] Started Virtualbox guest utils.
[[0;32m  OK  [0m] Started Dispatcher daemon for systemd-networkd.
[[0;32m  OK  [0m] Created slice User Slice of vagrant.
         Starting User Manager for UID 1000...
[[0;32m  OK  [0m] Started Session 1 of user vagrant.
[[0;32m  OK  [0m] Started User Manager for UID 1000.
[[0;32m  OK  [0m] Started Snap Daemon.
         Starting Wait until snapd is fully seeded...
[[0;32m  OK  [0m] Started Message of the Day.
[[0;32m  OK  [0m] Started Wait until snapd is fully seeded.
         Starting Apply the settings specified in cloud-config...
[[0;32m  OK  [0m] Reached target Multi-User System.
[[0;32m  OK  [0m] Reached target Graphical Interface.
         Starting Update UTMP about System Runlevel Changes...
[[0;32m  OK  [0m] Started Update UTMP about System Runlevel Changes.
[   16.714131] cloud-init[1260]: Cloud-init v. 20.4.1-0ubuntu1~18.04.1 running 'modules:config' at Sun, 16 May 2021 13:11:38 +0000. Up 16.33 seconds.

Ubuntu 18.04.5 LTS ubuntu-bionic ttyS0

ubuntu-bionic login: [   17.880155] cloud-init[1336]: Cloud-init v. 20.4.1-0ubuntu1~18.04.1 running 'modules:final' at Sun, 16 May 2021 13:11:39 +0000. Up 17.28 seconds.
[   17.881647] cloud-init[1336]: Cloud-init v. 20.4.1-0ubuntu1~18.04.1 finished at Sun, 16 May 2021 13:11:39 +0000. Datasource DataSourceNoCloud [seed=/dev/sdb][dsmode=net].  Up 17.87 seconds
